FE
======================================================================
ERROR: test_nonproc_group_containing_only_zombies_is_stopped_without_signal_probe (test_owned_process.OwnedProcessTests.test_nonproc_group_containing_only_zombies_is_stopped_without_signal_probe)
----------------------------------------------------------------------
Traceback (most recent call last):
  File "/Users/phantomxsd/eros-markets/scripts/integration/test_owned_process.py", line 171, in test_nonproc_group_containing_only_zombies_is_stopped_without_signal_probe
    self.assertEqual(process._posix_live_members(), [])
                     ~~~~~~~~~~~~~~~~~~~~~~~~~~~^^
  File "/Users/phantomxsd/eros-markets/scripts/integration/owned_process.py", line 255, in _posix_live_members
    os.killpg(self.pid, 0)
    ~~~~~~~~~^^^^^^^^^^^^^
  File "/opt/homebrew/Cellar/python@3.14/3.14.6/Frameworks/Python.framework/Versions/3.14/lib/python3.14/unittest/mock.py", line 1176, in __call__
    return self._mock_call(*args, **kwargs)
           ~~~~~~~~~~~~~~~^^^^^^^^^^^^^^^^^
  File "/opt/homebrew/Cellar/python@3.14/3.14.6/Frameworks/Python.framework/Versions/3.14/lib/python3.14/unittest/mock.py", line 1180, in _mock_call
    return self._execute_mock_call(*args, **kwargs)
           ~~~~~~~~~~~~~~~~~~~~~~~^^^^^^^^^^^^^^^^^
  File "/opt/homebrew/Cellar/python@3.14/3.14.6/Frameworks/Python.framework/Versions/3.14/lib/python3.14/unittest/mock.py", line 1241, in _execute_mock_call
    raise effect
PermissionError: zombie group probe

======================================================================
FAIL: test_nonproc_enumeration_selects_only_exact_owned_group_and_non_zombies (test_owned_process.OwnedProcessTests.test_nonproc_enumeration_selects_only_exact_owned_group_and_non_zombies)
----------------------------------------------------------------------
Traceback (most recent call last):
  File "/Users/phantomxsd/eros-markets/scripts/integration/test_owned_process.py", line 185, in test_nonproc_enumeration_selects_only_exact_owned_group_and_non_zombies
    self.assertEqual(process._posix_live_members(), [1235, 1236])
    ~~~~~~~~~~~~~~~~^^^^^^^^^^^^^^^^^^^^^^^^^^^^^^^^^^^^^^^^^^^^^
AssertionError: Lists differ: [1234] != [1235, 1236]

First differing element 0:
1234
1235

Second list contains 1 additional elements.
First extra element 1:
1236

- [1234]
+ [1235, 1236]

----------------------------------------------------------------------
Ran 2 tests in 0.004s

FAILED (failures=1, errors=1)
