✔ explicit preparation pins inputs and refuses existing/missing/corrupt state without rebuilding it (13.740428ms)
DEPLOYMENT_CASE {"scenario":"graceful-new-process-restart","capturesBefore":2,"capturesAfter":4,"realSqlite":true,"source":"scripted","transactionsSent":0}
✔ real supervised processes release leases on SIGTERM and a new process retains all earlier captures (2540.533007ms)
DEPLOYMENT_CASE {"scenario":"duplicate-supervisor-rejected","exitCode":78,"writerFence":1,"transactionsSent":0}
✔ a second supervisor cannot acquire the OS lock or change the writer fence (1581.97908ms)
DEPLOYMENT_CASE {"scenario":"repeated-term-during-drain","workerExitCode":0,"leaseReleased":true,"transactionsSent":0}
✔ repeated TERM during an in-flight source request drains and releases the worker lease (1341.432594ms)
DEPLOYMENT_CASE {"scenario":"sigkill-worker-lease-recovery","capturesBefore":1,"capturesAfter":3,"restarts":1,"leaseForced":false,"transactionsSent":0}
✔ an OS-killed worker restarts after its real source lease expires with persisted captures and bounded retries (12486.86338ms)
DEPLOYMENT_CASE {"scenario":"corruption-and-operator-stop","workerRelaunched":false,"transactionsSent":0}
✔ corrupt restored captures and persisted operator stops launch no worker or source request (2544.711253ms)
✔ persisted unfinished-run restart allowance cannot be reset by host relaunch (1237.795124ms)
DEPLOYMENT_CASE {"scenario":"sigkill-supervisor-orphan-lock","duplicateExitCode":78,"orphanHeldLock":true,"writerResumed":true,"transactionsSent":0}
✔ an orphaned worker retains the OS lock after its supervisor is killed, then a new supervisor reconciles state (2830.66785ms)
DEPLOYMENT_CASE {"scenario":"render-parked-no-bootstrap","workerRelaunched":false,"missingArchiveRecreated":false,"transactionsSent":0}
✔ Render operator stop stays parked instead of recreating missing journals or looping worker launches (1724.983828ms)
DEPLOYMENT_CASE {"scenario":"render-disk-default-stop-window","stopTimeoutMs":20000,"workerDrained":true,"leaseReleased":true,"source":"scripted","transactionsSent":0}
✔ fresh Render preparation uses a stop budget below the host default and the wrapper drains an in-flight collection (1870.067106ms)
DEPLOYMENT_CASE {"scenario":"testnet-deadline-immutable","keysOpened":false,"transactionsSent":0}
✔ finite Monad campaign deadline is pinned at preparation and cannot renew on restart (16.419659ms)
✔ restart classification never relaunches normal/finite/key/budget/quarantine/integrity stops (0.194105ms)
✔ existing serve CLI hands its worker lease to an immediate new process after SIGTERM (2030.19671ms)
LOAD_CASE {"scenario":"independent-collection","workers":25,"elapsedMs":278.294,"sourceCalls":121,"sourceActive":0,"maxSourceActive":3,"rpcCalls":0,"rpcActive":0,"maxRpcActive":0,"writeRpcActive":0,"maxWriteRpcActive":0,"preparedNonces":[],"perWorkerPolls":[1,3,3,3,3,3,3,3,3,3,3,3,3,3,3,3,3,3,3,3,3,3,3,2,2],"maxBookActive":[1,1,1,1,1,1,1,1,1,1,1,1,1,1,1,1,1,1,1,1,1,1,1,1,1],"sourceAgeAtBroadcastMs":[],"headroomAtBroadcastMs":[],"elapsedSinceSigningAtSimulationMs":[],"categories":["crypto","sports","politics","crypto","sports","politics","crypto","sports","politics","crypto","sports","politics","crypto","sports","politics","crypto","sports","politics","crypto","sports","politics","crypto","sports","politics","crypto"],"accepted":0,"externalTransactions":0,"source":"scripted fixtures","chain":"scripted RPC/receipts","clock":"monotonic elapsed ms plus explicitly injected offset","sourceEvidenceValid":true,"packetEvidenceValid":true}
✔ 25-market collection remains independent when one book stalls, with no overlapping polls (285.163023ms)
LOAD_CASE {"scenario":"slow-rpc-two-rounds","workers":25,"elapsedMs":2810.411,"sourceCalls":100,"sourceActive":0,"maxSourceActive":2,"rpcCalls":451,"rpcActive":0,"maxRpcActive":2,"writeRpcActive":0,"maxWriteRpcActive":1,"preparedNonces":[0,1,2,3,4,5,6,7,8,9,10,11,12,13,14,15,16,17,18,19,20,21,22,23,24,25,26,27,28,29,30,31,32,33,34,35,36,37,38,39,40,41,42,43,44,45,46,47,48,49],"perWorkerPolls":[2,2,2,2,2,2,2,2,2,2,2,2,2,2,2,2,2,2,2,2,2,2,2,2,2],"maxBookActive":[1,1,1,1,1,1,1,1,1,1,1,1,1,1,1,1,1,1,1,1,1,1,1,1,1],"sourceAgeAtBroadcastMs":["421","454","487","523","556","589","623","657","691","725","760","794","829","864","897","932","966","1001","1039","1074","1106","1140","1177","1206","1237","539","574","608","639","671","704","739","769","805","840","875","908","944","979","1016","1055","1092","1125","1160","1199","1233","1268","1302","1336","1369"],"headroomAtBroadcastMs":["29310","29273","29238","29201","29166","29132","29096","29061","29026","28991","28954","28919","28882","28846","28811","28775","28739","28703","28664","28627","28594","28558","28519","28489","28457","28990","28954","28918","28885","28850","28815","28778","28746","28707","28670","28633","28597","28559","28521","28482","28441","28402","28366","28329","28289","28254","28217","28181","28146","28112"],"elapsedSinceSigningAtSimulationMs":["233","260","291","315","340","363","386","413","435","462","486","514","538","565","592","619","646","671","699","725","751","775","807","837","863","353","373","396","415","432","455","476","496","518","540","564","585","609","630","653","680","706","729","753","776","797","819","840","862","881"],"categories":["crypto","sports","politics","crypto","sports","politics","crypto","sports","politics","crypto","sports","politics","crypto","sports","politics","crypto","sports","politics","crypto","sports","politics","crypto","sports","politics","crypto"],"accepted":50,"externalTransactions":0,"source":"scripted fixtures","chain":"scripted RPC/receipts","clock":"monotonic elapsed ms plus explicitly injected offset","sourceEvidenceValid":true,"packetEvidenceValid":true}
✔ 25 markets across three categories share ordered nonces through two slow-RPC publication rounds (2842.282862ms)
LOAD_CASE {"scenario":"queued-expiry-and-recovery","injectedDelayMs":31000,"workers":12,"elapsedMs":482.548,"sourceCalls":48,"sourceActive":0,"maxSourceActive":1,"rpcCalls":99,"rpcActive":0,"maxRpcActive":2,"writeRpcActive":0,"maxWriteRpcActive":1,"preparedNonces":[0,1,2,3,4,5,6,7,8,9,10,11],"perWorkerPolls":[2,2,2,2,2,2,2,2,2,2,2,2],"maxBookActive":[1,1,1,1,1,1,1,1,1,1,1,1],"sourceAgeAtBroadcastMs":["245","254","262","270","276","282","286","293","298","304","309","316"],"headroomAtBroadcastMs":["29511","29502","29491","29481","29473","29465","29458","29450","29443","29435","29428","29420"],"elapsedSinceSigningAtSimulationMs":["72","78","100","103","102","102","100","97","95","93","95","97","100"],"categories":["crypto","sports","politics","crypto","sports","politics","crypto","sports","politics","crypto","sports","politics"],"accepted":12,"externalTransactions":0,"source":"scripted fixtures","chain":"scripted RPC/receipts","clock":"monotonic elapsed ms plus explicitly injected offset","sourceEvidenceValid":true,"packetEvidenceValid":true}
✔ queue-expired unsent updates return EXPIRED without consuming nonces, and fresh updates resume (499.312551ms)
LOAD_CASE {"scenario":"rpc-timeout-late-completion","workers":3,"elapsedMs":2055.284,"sourceCalls":4,"sourceActive":0,"maxSourceActive":1,"rpcCalls":13,"rpcActive":0,"maxRpcActive":2,"writeRpcActive":0,"maxWriteRpcActive":1,"preparedNonces":[0],"perWorkerPolls":[2,0,0],"maxBookActive":[1,0,0],"sourceAgeAtBroadcastMs":["2130"],"headroomAtBroadcastMs":["27847"],"elapsedSinceSigningAtSimulationMs":["4","2015"],"categories":["crypto","sports","politics"],"accepted":1,"externalTransactions":0,"source":"scripted fixtures","chain":"scripted RPC/receipts","clock":"monotonic elapsed ms plus explicitly injected offset","sourceEvidenceValid":true,"packetEvidenceValid":true}
✔ RPC simulation timeout allocates no nonce and late completion cannot broadcast (2062.922619ms)
LOAD_CASE {"scenario":"continuous-queue-expiry","injectedDelayMs":31000,"expired":1,"workers":8,"elapsedMs":384.869,"sourceCalls":39,"sourceActive":0,"maxSourceActive":1,"rpcCalls":137,"rpcActive":0,"maxRpcActive":2,"writeRpcActive":0,"maxWriteRpcActive":1,"preparedNonces":[0,1,2,3,4,5,6,7,8,9,10,11,12,13,14],"perWorkerPolls":[3,3,3,3,3,3,3,2],"maxBookActive":[1,1,1,1,1,1,1,1],"sourceAgeAtBroadcastMs":["193","200","207","214","220","228","231","235","235","233","233","232","231","229","229"],"headroomAtBroadcastMs":["29709","29700","29691","29682","29674","29664","29655","29646","29571","29563","29555","29547","29539","29531","29523"],"elapsedSinceSigningAtSimulationMs":["4","39","55","59","58","58","61","65","69","56","59","56","54","53","52","49"],"categories":["crypto","sports","politics","crypto","sports","politics","crypto","sports"],"accepted":15,"externalTransactions":0,"source":"scripted fixtures","chain":"scripted RPC/receipts","clock":"monotonic elapsed ms plus explicitly injected offset","sourceEvidenceValid":true,"packetEvidenceValid":true}
✔ continuous joined service survives shared-queue expiry and continues with fresh source captures (392.894326ms)
LOAD_CASE {"scenario":"provider-backpressure","degradedDuringBurst":16,"workers":20,"elapsedMs":178.788,"sourceCalls":64,"sourceActive":0,"maxSourceActive":2,"rpcCalls":0,"rpcActive":0,"maxRpcActive":0,"writeRpcActive":0,"maxWriteRpcActive":0,"preparedNonces":[],"perWorkerPolls":[2,2,2,2,1,1,1,1,1,1,1,1,1,1,1,1,1,1,1,1],"maxBookActive":[1,1,1,1,1,1,1,1,1,1,1,1,1,1,1,1,1,1,1,1],"sourceAgeAtBroadcastMs":[],"headroomAtBroadcastMs":[],"elapsedSinceSigningAtSimulationMs":[],"categories":["crypto","sports","politics","crypto","sports","politics","crypto","sports","politics","crypto","sports","politics","crypto","sports","politics","crypto","sports","politics","crypto","sports"],"accepted":0,"externalTransactions":0,"source":"scripted fixtures","chain":"scripted RPC/receipts","clock":"monotonic elapsed ms plus explicitly injected offset","sourceEvidenceValid":true,"packetEvidenceValid":true}
✔ provider queue pressure archives truthful gaps and workers recover after the burst drains (184.379162ms)
LOAD_CASE {"scenario":"100-worker-drain","workers":100,"elapsedMs":634.928,"sourceCalls":300,"sourceActive":0,"maxSourceActive":1,"rpcCalls":0,"rpcActive":0,"maxRpcActive":0,"writeRpcActive":0,"maxWriteRpcActive":0,"preparedNonces":[],"perWorkerPolls":[1,1,1,1,1,1,1,1,1,1,1,1,1,1,1,1,1,1,1,1,1,1,1,1,1,1,1,1,1,1,1,1,1,1,1,1,1,1,1,1,1,1,1,1,1,1,1,1,1,1,1,1,1,1,1,1,1,1,1,1,1,1,1,1,1,1,1,1,1,1,1,1,1,1,1,1,1,1,1,1,1,1,1,1,1,1,1,1,1,1,1,1,1,1,1,1,1,1,1,1],"maxBookActive":[1,1,1,1,1,1,1,1,1,1,1,1,1,1,1,1,1,1,1,1,1,1,1,1,1,1,1,1,1,1,1,1,1,1,1,1,1,1,1,1,1,1,1,1,1,1,1,1,1,1,1,1,1,1,1,1,1,1,1,1,1,1,1,1,1,1,1,1,1,1,1,1,1,1,1,1,1,1,1,1,1,1,1,1,1,1,1,1,1,1,1,1,1,1,1,1,1,1,1,1],"sourceAgeAtBroadcastMs":[],"headroomAtBroadcastMs":[],"elapsedSinceSigningAtSimulationMs":[],"categories":["crypto","sports","politics","crypto","sports","politics","crypto","sports","politics","crypto","sports","politics","crypto","sports","politics","crypto","sports","politics","crypto","sports","politics","crypto","sports","politics","crypto","sports","politics","crypto","sports","politics","crypto","sports","politics","crypto","sports","politics","crypto","sports","politics","crypto","sports","politics","crypto","sports","politics","crypto","sports","politics","crypto","sports","politics","crypto","sports","politics","crypto","sports","politics","crypto","sports","politics","crypto","sports","politics","crypto","sports","politics","crypto","sports","politics","crypto","sports","politics","crypto","sports","politics","crypto","sports","politics","crypto","sports","politics","crypto","sports","politics","crypto","sports","politics","crypto","sports","politics","crypto","sports","politics","crypto","sports","politics","crypto","sports","politics","crypto"],"accepted":0,"externalTransactions":0,"source":"scripted fixtures","chain":"scripted RPC/receipts","clock":"monotonic elapsed ms plus explicitly injected offset","sourceEvidenceValid":true,"packetEvidenceValid":true}
✔ 100-worker collection drains all admitted work and shutdown wakes long poll timers (641.745909ms)
ℹ tests 20
ℹ suites 0
ℹ pass 20
ℹ fail 0
ℹ cancelled 0
ℹ skipped 0
ℹ todo 0
ℹ duration_ms 37497.387685
