{
  "verified": true,
  "optimizedTransactionsFinalized": 6,
  "optimizedGasCostWei": "120617754000000000",
  "newReservationsWei": "210103950000000000",
  "twap": {
    "evaluationBlock": {
      "number": "68169207",
      "hash": "0x46a569ff76922f3f3fa6d01a66f2a4573be477eeef57868dc591c05bddd6051e",
      "timestamp": "1791133182"
    },
    "actual": {
      "available": false,
      "twapWad": "0",
      "coveredSecs": "134",
      "integral": "83147000000000000000"
    }
  },
  "productionApproved": false
}
