{
  "mode": "MONAD_TESTNET_DIAGNOSTIC_PUBLICATION",
  "worker": "monad-testnet-politics",
  "state": "EXPIRED",
  "reason": "UNSENT_HEADROOM_EXPIRED",
  "sequence": "5",
  "transactionHash": null,
  "depthValid": null,
  "lifecycle": {
    "mode": "COLLECTING",
    "reason": null,
    "atMs": "1791130224554",
    "checkpoint": {
      "chainId": "10143",
      "engine": "0xd2d82fed32fb9a911300e7d928607755bd101773",
      "marketId": "0xaf8c57d4dc7551c36250f6e9e0f368b426145052b820557f2dcb58235024eb6a",
      "sourceId": "0xc6f2591a3b2e05beba9cd100d5de292ebb3cca20583c981db18ad85939579021",
      "engineCodeHash": "0x50b7428b7bae22d33a1e456e92a94204557b50017aaa69e83c627009038852a0",
      "rulesHash": "0xe5e453534d4ea6ae8995731d8d0d0b82c49700ed1e6ab04643dcefb0ff0354e2",
      "scheduledT": "1791717905",
      "halted": false,
      "blockNumber": "68159401",
      "blockHash": "0x7175a3b77f0362ae15bb556e6bfdfb552f8920dfee50d84287299d9e758b9f14",
      "blockTimestamp": "1791130220",
      "canonical": true,
      "sourceState": {
        "lastSequence": "3",
        "lastObservedAt": "1791117224"
      }
    },
    "freshCheckpoint": true
  }
}
