{
  "verified": true,
  "archiveHashesVerified": true,
  "authenticSourceTimesVerified": true,
  "fractionPricesDepthVerified": true,
  "packets": [
    {
      "sequence": "1",
      "sourceMs": "1791117157000",
      "priceWad": "633371815000000000",
      "depthValid": true
    },
    {
      "sequence": "2",
      "sourceMs": "1791117175911",
      "priceWad": "633371815000000000",
      "depthValid": true
    },
    {
      "sequence": "3",
      "sourceMs": "1791117224179",
      "priceWad": "633158895000000000",
      "depthValid": true
    }
  ],
  "productionApproved": false,
  "limitation": "Three-sample pilot; sustained 300-second coverage remains to be tested."
}
