{
  "evidenceVerified": true,
  "campaignPassed": false,
  "authenticSourceFractionReview": true,
  "historicalBlockReplay": true,
  "oldSignedHistoryUnchanged": true,
  "newGasCostWei": "404203764000000000",
  "newReservationsWei": "594417300000000000",
  "initial": {
    "mode": "MONAD_TESTNET_COVERAGE_CHECKPOINT",
    "phase": "initial",
    "chainId": 10143,
    "block": {
      "number": "68183973",
      "hash": "0x3a3ec5cd0fb846e36a4033136e85c3acf161752d1cc8e50f68fc9ea94ac3f191",
      "timestamp": "1791137641"
    },
    "actual": {
      "available": false,
      "twapWad": "0",
      "coveredSecs": "268",
      "integral": "168170000000000000000"
    },
    "sourceState": {
      "signer": "0xF26e7995D8421A8cd16Af704C360c7928F76bb8e",
      "rulesHash": "0xe5e453534d4ea6ae8995731d8d0d0b82c49700ed1e6ab04643dcefb0ff0354e2",
      "lastSequence": "36",
      "lastObservedAt": "1791137627",
      "configured": true
    },
    "finalizedHead": {
      "number": "68184509",
      "hash": "0xee5ffcbdc763378945f515d4bf2ec5b9ed77be294df4d358a3c25e099e59d35e",
      "timestamp": "1791137803"
    },
    "engine": "0xd2d82fed32fb9a911300e7d928607755bd101773",
    "transactionsSent": 0,
    "signaturesProduced": 0,
    "productionApproved": false
  },
  "recoveryRun": false,
  "productionApproved": false
}
