
> @eros/pricefeed@0.1.0 report:monad-cost
> npm run build && node dist/scripts/report-monad-cost.js && python3 scripts/review-monad-gas.py


> @eros/pricefeed@0.1.0 build
> tsc -p tsconfig.json

{
  "sizing": {
    "estimatedGas": "179266",
    "gasLimit": "197193",
    "marginBps": "1000"
  },
  "nominalCampaignCostWei": "1448185392000000000",
  "fundingGapWei": "2416800000000000000",
  "activated": false
}
{
  "verified": true,
  "fractionPricesDepthVerified": true,
  "authenticSourceTimeVerified": true,
  "integerGasMarginAndCostsVerified": true,
  "quotePacketDurablyExpired": true,
  "transactionsSent": 0,
  "existingDeliveryCount": 3,
  "productionApproved": false,
  "limitation": "RPC simulation estimate, not an optimized paid receipt or sustained coverage proof."
}
