No files changed, compilation skipped

Ran 21 tests for test/math/B/B014.t.sol:B014Test
[PASS] test_bankruptcyShortAndPartial() (gas: 5687)
[PASS] test_bootstrap() (gas: 2505)
[PASS] test_candidateRecheckedAgainstActualMargin() (gas: 77608)
[PASS] test_claimsStatus() (gas: 1539)
[PASS] test_earlyInvalidWaits() (gas: 3347)
[PASS] test_estimateInvalidRootsFullClose() (gas: 3205)
[PASS] test_estimateMatchesReference() (gas: 15684)
[PASS] test_feeWaiver() (gas: 3660)
[PASS] test_finality() (gas: 12272)
[PASS] test_fundingCutoff() (gas: 3134)
[PASS] test_goldenBankruptcyLong() (gas: 2144)
[PASS] test_grace() (gas: 2699)
[PASS] test_graceEligibility() (gas: 995)
[PASS] test_haltRollOrderSameCutoff() (gas: 2739)
[PASS] test_pacing() (gas: 11319)
[PASS] test_pairTick() (gas: 1015)
[PASS] test_positiveEquityNeverTakeoverFromWork() (gas: 16625)
[PASS] test_predicateRules() (gas: 6917)
[PASS] test_stageBoundaries() (gas: 11153)
[PASS] test_staleMarkAndFloor() (gas: 1518)
[PASS] test_zeroEquityTakeover() (gas: 15930)
Suite result: ok. 21 passed; 0 failed; 0 skipped; finished in 585.96µs (931.08µs CPU time)

Ran 1 test suite in 78.25ms (585.96µs CPU time): 21 tests passed, 0 failed, 0 skipped (21 total tests)
