Compiling 5 files with Solc 0.8.30
Solc 0.8.30 finished in 834.26ms
Compiler run successful with warnings:
Warning (2519): This declaration shadows an existing declaration.
  --> src/math/LifecycleMath.sol:61:9:
   |
61 |         uint256 economicHaltAt,
   |         ^^^^^^^^^^^^^^^^^^^^^^
Note: The shadowed declaration is here:
  --> src/math/LifecycleMath.sol:80:5:
   |
80 |     function economicHaltAt(uint256 scheduledT, uint256 earlyHaltAt) internal pure returns (uint256) {
   |     ^ (Relevant source part starts here and spans across multiple lines).

Warning (2519): This declaration shadows an existing declaration.
   --> src/math/LiquidationMath.sol:120:9:
    |
120 |         int256 thresholdQ
    |         ^^^^^^^^^^^^^^^^^
Note: The shadowed declaration is here:
   --> src/math/LiquidationMath.sol:140:5:
    |
140 |     function thresholdQ(uint256 mmAfterQ, int256 emBeforeQ, uint256 mmBeforeQ)
    |     ^ (Relevant source part starts here and spans across multiple lines).


Ran 13 tests for test/math/B/B015.t.sol:B015Test
[PASS] test_boundaryDomains() (gas: 22775)
[PASS] test_diffAdmission() (gas: 2315537)
[PASS] test_diffBankruptcy() (gas: 53581)
[PASS] test_diffEstimate() (gas: 70150)
[PASS] test_diffMargin() (gas: 1236058)
[PASS] test_diffStage() (gas: 56591)
[PASS] test_diffTail() (gas: 77952)
[PASS] test_diffTwap() (gas: 561199)
[PASS] test_directFiveXEndToEndMath() (gas: 34478)
[PASS] test_invalidInputsRevert() (gas: 27083)
[PASS] test_missingCalibrationFullBacking() (gas: 3494)
[PASS] test_monotoneEnvelopeGrid() (gas: 2066176)
[PASS] test_short100Versus80() (gas: 17745)
Suite result: ok. 13 passed; 0 failed; 0 skipped; finished in 4.93ms (12.46ms CPU time)

Ran 1 test suite in 81.62ms (4.93ms CPU time): 13 tests passed, 0 failed, 0 skipped (13 total tests)
