✓ Workflow compiled
✓ Simulation limits enabled
  HTTP: req=120kb resp=250kb timeout=10s | ConfHTTP: req=125kb resp=500kb timeout=1m30s | Consensus obs=25kb | ChainWrite evm_report=50kb evm_gas=10000000 solana_report=265b solana_cu=300000 | WASM binary=100mb compressed=20mb
  Binary hash: 211e2cfb7db18289f193d5f2a01de9931202cfcdaa1fa4269d6c1a626e22424b
  Config hash: b890347406907b7354caffb1585ea2e570cf0dc85333de0b926660fd524c1ebc
2026-10-06T23:42:24Z [SIMULATION] Simulator Initialized

2026-10-06T23:42:24Z [SIMULATION] Running trigger trigger=cron-trigger@1.0.0
2026-10-06T23:42:26Z [USER LOG] dryrun https://v1.formula-1.api-sports.io/races?id=1857: YES|0x6b4bbd97cac706f570b04d1d00cbf269af46d0408ea1690014936d73d0a17166|OK

✓ Workflow Simulation Result:
"YES|0x6b4bbd97cac706f570b04d1d00cbf269af46d0408ea1690014936d73d0a17166|OK"

2026-10-06T23:42:26Z [SIMULATION] Execution finished signal received
2026-10-06T23:42:26Z [SIMULATION] Skipping WorkflowEngineV2

╭──────────────────────────────────────────────────────╮
│ Simulation complete! Ready to deploy your workflow?  │
│                                                      │
│ Run cre account access to request deployment access. │
╰──────────────────────────────────────────────────────╯
Initializing...
Loading settings...
Checking RPC connectivity...
Compiling workflow...

⚠️  Update available! You’re running 1.36.0, but 1.37.0 is the latest.
Run `cre update` or visit https://github.com/smartcontractkit/cre-cli/releases to upgrade.

