✓ Workflow compiled
✓ Simulation limits enabled
  HTTP: req=120kb resp=250kb timeout=10s | ConfHTTP: req=125kb resp=500kb timeout=1m30s | Consensus obs=25kb | ChainWrite evm_report=50kb evm_gas=10000000 solana_report=265b solana_cu=300000 | WASM binary=100mb compressed=20mb
  Binary hash: 211e2cfb7db18289f193d5f2a01de9931202cfcdaa1fa4269d6c1a626e22424b
  Config hash: bc7b3c5ca056fcf774128ae02e3cdebb32e9cb102b3c55187ae858f2696d549f
2026-10-06T23:43:26Z [SIMULATION] Simulator Initialized

2026-10-06T23:43:26Z [SIMULATION] Running trigger trigger=cron-trigger@1.0.0
2026-10-06T23:43:26Z [USER LOG] dryrun https://v2.nba.api-sports.io/games?id=16878: NO|0x62f1783962a2eadc8bfb77e48f673946958cc583aa549922fdd4b0acfb0bdcc1|OK

✓ Workflow Simulation Result:
"NO|0x62f1783962a2eadc8bfb77e48f673946958cc583aa549922fdd4b0acfb0bdcc1|OK"

2026-10-06T23:43:26Z [SIMULATION] Execution finished signal received
2026-10-06T23:43:26Z [SIMULATION] Skipping WorkflowEngineV2

╭──────────────────────────────────────────────────────╮
│ Simulation complete! Ready to deploy your workflow?  │
│                                                      │
│ Run cre account access to request deployment access. │
╰──────────────────────────────────────────────────────╯
Initializing...
Loading settings...
Checking RPC connectivity...
Compiling workflow...

⚠️  Update available! You’re running 1.36.0, but 1.37.0 is the latest.
Run `cre update` or visit https://github.com/smartcontractkit/cre-cli/releases to upgrade.

